---
source: crates/cli/tests/tui_pty.rs
expression: settled.stable_text()
---
[24x100 cursor=21,72]














╭────────────────────────────╮
│ >_ kloop  v0.0.0 (0000000) │
│ model   tui-pty-model      │
│ cwd     ~/workspace        │
│ mode    manual             │
╰────────────────────────────╯
────────────────────────────────────────────────────────────────────────────────────────────────────
› rrrrrrrrrrrrrrrrrrrrrrrrrrrrrrrrrrrrrrrrrrrrrrrrrrrrrrrrrrrrrrrrrrrrrr
────────────────────────────────────────────────────────────────────────────────────────────────────
[manual]  shift+Tab to change mode · Ctrl+R to rewind · Ctrl+C to exit
