---
source: crates/cli/tests/tui_pty.rs
expression: settled.stable_text()
---
[16x60 cursor=13,14]





╭───────────────────────╮
│ >_ kloop              │
│ model   tui-pty-model │
│ cwd     ~/workspace   │
│ mode    manual        │
╰───────────────────────╯
────────────────────────────────────────────────────────────
› rrrrrrrrrrrrrrrrrrrrrrrrrrrrrrrrrrrrrrrrrrrrrrrrrrrrrrrrrr
  rrrrrrrrrrrr
────────────────────────────────────────────────────────────
[manual]  shift+Tab to change mode · Ctrl+R to rewind · Ctr…
